Analysis & Synthesis report for pbl2
Fri Oct 28 14:57:37 2022
Quartus Prime Version 20.1.1 Build 720 11/11/2020 SJ Lite Edition


---------------------
; Table of Contents ;
---------------------
  1. Legal Notice
  2. Analysis & Synthesis Summary
  3. Analysis & Synthesis Settings
  4. Parallel Compilation
  5. Analysis & Synthesis Source Files Read
  6. Analysis & Synthesis Resource Usage Summary
  7. Analysis & Synthesis Resource Utilization by Entity
  8. Registers Removed During Synthesis
  9. General Register Statistics
 10. Multiplexer Restructuring Statistics (Restructuring Performed)
 11. Port Connectivity Checks: "empty:circuit_emp|sum3bit:circuit02"
 12. Port Connectivity Checks: "empty:circuit_emp|convert_occupations:circuito02"
 13. Port Connectivity Checks: "empty:circuit_emp|convert_occupations:circuito01"
 14. Port Connectivity Checks: "occupied:circuit_occ|sum3bit:circuit02"
 15. Port Connectivity Checks: "occupied:circuit_occ|convert_occupations:circuito02"
 16. Port Connectivity Checks: "occupied:circuit_occ|convert_occupations:circuito01"
 17. Analysis & Synthesis Messages



----------------
; Legal Notice ;
----------------
Copyright (C) 2020  Intel Corporation. All rights reserved.
Your use of Intel Corporation's design tools, logic functions 
and other software and tools, and any partner logic 
functions, and any output files from any of the foregoing 
(including device programming or simulation files), and any 
associated documentation or information are expressly subject 
to the terms and conditions of the Intel Program License 
Subscription Agreement, the Intel Quartus Prime License Agreement,
the Intel FPGA IP License Agreement, or other applicable license
agreement, including, without limitation, that your use is for
the sole purpose of programming logic devices manufactured by
Intel and sold by Intel or its authorized distributors.  Please
refer to the applicable agreement for further details, at
https://fpgasoftware.intel.com/eula.



+---------------------------------------------------------------------------+
; Analysis & Synthesis Summary                                              ;
+-----------------------------+---------------------------------------------+
; Analysis & Synthesis Status ; Successful - Fri Oct 28 14:57:37 2022       ;
; Quartus Prime Version       ; 20.1.1 Build 720 11/11/2020 SJ Lite Edition ;
; Revision Name               ; pbl2                                        ;
; Top-level Entity Name       ; main                                        ;
; Family                      ; MAX II                                      ;
; Total logic elements        ; 70                                          ;
; Total pins                  ; 30                                          ;
; Total virtual pins          ; 0                                           ;
; UFM blocks                  ; 0 / 1 ( 0 % )                               ;
+-----------------------------+---------------------------------------------+


+------------------------------------------------------------------------------------------------------------+
; Analysis & Synthesis Settings                                                                              ;
+------------------------------------------------------------------+--------------------+--------------------+
; Option                                                           ; Setting            ; Default Value      ;
+------------------------------------------------------------------+--------------------+--------------------+
; Device                                                           ; EPM240T100C5       ;                    ;
; Top-level entity name                                            ; main               ; pbl2               ;
; Family name                                                      ; MAX II             ; Cyclone V          ;
; Use smart compilation                                            ; Off                ; Off                ;
; Enable parallel Assembler and Timing Analyzer during compilation ; On                 ; On                 ;
; Enable compact report table                                      ; Off                ; Off                ;
; Restructure Multiplexers                                         ; Auto               ; Auto               ;
; Create Debugging Nodes for IP Cores                              ; Off                ; Off                ;
; Preserve fewer node names                                        ; On                 ; On                 ;
; Intel FPGA IP Evaluation Mode                                    ; Enable             ; Enable             ;
; Verilog Version                                                  ; Verilog_2001       ; Verilog_2001       ;
; VHDL Version                                                     ; VHDL_1993          ; VHDL_1993          ;
; State Machine Processing                                         ; Auto               ; Auto               ;
; Safe State Machine                                               ; Off                ; Off                ;
; Extract Verilog State Machines                                   ; On                 ; On                 ;
; Extract VHDL State Machines                                      ; On                 ; On                 ;
; Ignore Verilog initial constructs                                ; Off                ; Off                ;
; Iteration limit for constant Verilog loops                       ; 5000               ; 5000               ;
; Iteration limit for non-constant Verilog loops                   ; 250                ; 250                ;
; Add Pass-Through Logic to Inferred RAMs                          ; On                 ; On                 ;
; Infer RAMs from Raw Logic                                        ; On                 ; On                 ;
; Parallel Synthesis                                               ; On                 ; On                 ;
; NOT Gate Push-Back                                               ; On                 ; On                 ;
; Power-Up Don't Care                                              ; On                 ; On                 ;
; Remove Redundant Logic Cells                                     ; Off                ; Off                ;
; Remove Duplicate Registers                                       ; On                 ; On                 ;
; Ignore CARRY Buffers                                             ; Off                ; Off                ;
; Ignore CASCADE Buffers                                           ; Off                ; Off                ;
; Ignore GLOBAL Buffers                                            ; Off                ; Off                ;
; Ignore ROW GLOBAL Buffers                                        ; Off                ; Off                ;
; Ignore LCELL Buffers                                             ; Off                ; Off                ;
; Ignore SOFT Buffers                                              ; On                 ; On                 ;
; Limit AHDL Integers to 32 Bits                                   ; Off                ; Off                ;
; Optimization Technique                                           ; Balanced           ; Balanced           ;
; Carry Chain Length                                               ; 70                 ; 70                 ;
; Auto Carry Chains                                                ; On                 ; On                 ;
; Auto Open-Drain Pins                                             ; On                 ; On                 ;
; Perform WYSIWYG Primitive Resynthesis                            ; Off                ; Off                ;
; Auto Shift Register Replacement                                  ; Auto               ; Auto               ;
; Allow Shift Register Merging across Hierarchies                  ; Auto               ; Auto               ;
; Auto Clock Enable Replacement                                    ; On                 ; On                 ;
; Allow Synchronous Control Signals                                ; On                 ; On                 ;
; Force Use of Synchronous Clear Signals                           ; Off                ; Off                ;
; Auto Resource Sharing                                            ; Off                ; Off                ;
; Use LogicLock Constraints during Resource Balancing              ; On                 ; On                 ;
; Ignore translate_off and synthesis_off directives                ; Off                ; Off                ;
; Report Parameter Settings                                        ; On                 ; On                 ;
; Report Source Assignments                                        ; On                 ; On                 ;
; Report Connectivity Checks                                       ; On                 ; On                 ;
; Ignore Maximum Fan-Out Assignments                               ; Off                ; Off                ;
; Synchronization Register Chain Length                            ; 2                  ; 2                  ;
; Power Optimization During Synthesis                              ; Normal compilation ; Normal compilation ;
; HDL message level                                                ; Level2             ; Level2             ;
; Suppress Register Optimization Related Messages                  ; Off                ; Off                ;
; Number of Removed Registers Reported in Synthesis Report         ; 5000               ; 5000               ;
; Number of Swept Nodes Reported in Synthesis Report               ; 5000               ; 5000               ;
; Number of Inverted Registers Reported in Synthesis Report        ; 100                ; 100                ;
; Clock MUX Protection                                             ; On                 ; On                 ;
; Block Design Naming                                              ; Auto               ; Auto               ;
; Synthesis Effort                                                 ; Auto               ; Auto               ;
; Shift Register Replacement - Allow Asynchronous Clear Signal     ; On                 ; On                 ;
; Analysis & Synthesis Message Level                               ; Medium             ; Medium             ;
; Disable Register Merging Across Hierarchies                      ; Auto               ; Auto               ;
+------------------------------------------------------------------+--------------------+--------------------+


+------------------------------------------+
; Parallel Compilation                     ;
+----------------------------+-------------+
; Processors                 ; Number      ;
+----------------------------+-------------+
; Number detected on machine ; 6           ;
; Maximum allowed            ; 6           ;
;                            ;             ;
; Average used               ; 1.00        ;
; Maximum used               ; 1           ;
;                            ;             ;
; Usage by Processor         ; % Time Used ;
;     Processor 1            ; 100.0%      ;
+----------------------------+-------------+


+-----------------------------------------------------------------------------------------------------------------------------------------------------------------+
; Analysis & Synthesis Source Files Read                                                                                                                          ;
+----------------------------------+-----------------+------------------------+-------------------------------------------------------------------------+---------+
; File Name with User-Entered Path ; Used in Netlist ; File Type              ; File Name with Absolute Path                                            ; Library ;
+----------------------------------+-----------------+------------------------+-------------------------------------------------------------------------+---------+
; power_digit.v                    ; yes             ; User Verilog HDL File  ; /home/aluno/Downloads/problema_02 (1)/problema_02/power_digit.v         ;         ;
; convert_occupations.v            ; yes             ; User Verilog HDL File  ; /home/aluno/Downloads/problema_02 (1)/problema_02/convert_occupations.v ;         ;
; occupied.v                       ; yes             ; User Verilog HDL File  ; /home/aluno/Downloads/problema_02 (1)/problema_02/occupied.v            ;         ;
; empty.v                          ; yes             ; User Verilog HDL File  ; /home/aluno/Downloads/problema_02 (1)/problema_02/empty.v               ;         ;
; mux.v                            ; yes             ; User Verilog HDL File  ; /home/aluno/Downloads/problema_02 (1)/problema_02/mux.v                 ;         ;
; control_matriz.v                 ; yes             ; User Verilog HDL File  ; /home/aluno/Downloads/problema_02 (1)/problema_02/control_matriz.v      ;         ;
; decodificador.v                  ; yes             ; User Verilog HDL File  ; /home/aluno/Downloads/problema_02 (1)/problema_02/decodificador.v       ;         ;
; main.v                           ; yes             ; User Verilog HDL File  ; /home/aluno/Downloads/problema_02 (1)/problema_02/main.v                ;         ;
; sum_half.v                       ; yes             ; User Verilog HDL File  ; /home/aluno/Downloads/problema_02 (1)/problema_02/sum_half.v            ;         ;
; sum_complete.v                   ; yes             ; User Verilog HDL File  ; /home/aluno/Downloads/problema_02 (1)/problema_02/sum_complete.v        ;         ;
; sum3bit.v                        ; yes             ; User Verilog HDL File  ; /home/aluno/Downloads/problema_02 (1)/problema_02/sum3bit.v             ;         ;
; divisor.v                        ; yes             ; User Verilog HDL File  ; /home/aluno/Downloads/problema_02 (1)/problema_02/divisor.v             ;         ;
; scheduler.v                      ; yes             ; User Verilog HDL File  ; /home/aluno/Downloads/problema_02 (1)/problema_02/scheduler.v           ;         ;
+----------------------------------+-----------------+------------------------+-------------------------------------------------------------------------+---------+


+---------------------------------------------------------------------------------+
; Analysis & Synthesis Resource Usage Summary                                     ;
+---------------------------------------------+-----------------------------------+
; Resource                                    ; Usage                             ;
+---------------------------------------------+-----------------------------------+
; Total logic elements                        ; 70                                ;
;     -- Combinational with no register       ; 53                                ;
;     -- Register only                        ; 0                                 ;
;     -- Combinational with a register        ; 17                                ;
;                                             ;                                   ;
; Logic element usage by number of LUT inputs ;                                   ;
;     -- 4 input functions                    ; 30                                ;
;     -- 3 input functions                    ; 3                                 ;
;     -- 2 input functions                    ; 35                                ;
;     -- 1 input functions                    ; 2                                 ;
;     -- 0 input functions                    ; 0                                 ;
;                                             ;                                   ;
; Logic elements by mode                      ;                                   ;
;     -- normal mode                          ; 55                                ;
;     -- arithmetic mode                      ; 15                                ;
;     -- qfbk mode                            ; 0                                 ;
;     -- register cascade mode                ; 0                                 ;
;     -- synchronous clear/load mode          ; 0                                 ;
;     -- asynchronous clear/load mode         ; 0                                 ;
;                                             ;                                   ;
; Total registers                             ; 17                                ;
; Total logic cells in carry chains           ; 16                                ;
; I/O pins                                    ; 30                                ;
; Maximum fan-out node                        ; divisor:divisor_frequencia|Add0~0 ;
; Maximum fan-out                             ; 17                                ;
; Total fan-out                               ; 235                               ;
; Average fan-out                             ; 2.35                              ;
+---------------------------------------------+-----------------------------------+


+--------------------------------------------------------------------------------------------------------------------------------------------------------------------------------------------------------------------------------------------------------------------------------------------------------+
; Analysis & Synthesis Resource Utilization by Entity                                                                                                                                                                                                                                                    ;
+----------------------------------------+-------------+--------------+------------+------+--------------+--------------+-------------------+------------------+-----------------+------------+---------------------------------------------------------------------+---------------------+--------------+
; Compilation Hierarchy Node             ; Logic Cells ; LC Registers ; UFM Blocks ; Pins ; Virtual Pins ; LUT-Only LCs ; Register-Only LCs ; LUT/Register LCs ; Carry Chain LCs ; Packed LCs ; Full Hierarchy Name                                                 ; Entity Name         ; Library Name ;
+----------------------------------------+-------------+--------------+------------+------+--------------+--------------+-------------------+------------------+-----------------+------------+---------------------------------------------------------------------+---------------------+--------------+
; |main                                  ; 70 (0)      ; 17           ; 0          ; 30   ; 0            ; 53 (0)       ; 0 (0)             ; 17 (0)           ; 16 (0)          ; 0 (0)      ; |main                                                               ; main                ; work         ;
;    |control_matriz:circuit_matriz|     ; 4 (4)       ; 0            ; 0          ; 0    ; 0            ; 4 (4)        ; 0 (0)             ; 0 (0)            ; 0 (0)           ; 0 (0)      ; |main|control_matriz:circuit_matriz                                 ; control_matriz      ; work         ;
;    |decodificador:circuit_dec|         ; 7 (7)       ; 0            ; 0          ; 0    ; 0            ; 7 (7)        ; 0 (0)             ; 0 (0)            ; 0 (0)           ; 0 (0)      ; |main|decodificador:circuit_dec                                     ; decodificador       ; work         ;
;    |divisor:divisor_frequencia|        ; 33 (33)     ; 17           ; 0          ; 0    ; 0            ; 16 (16)      ; 0 (0)             ; 17 (17)          ; 16 (16)         ; 0 (0)      ; |main|divisor:divisor_frequencia                                    ; divisor             ; work         ;
;    |empty:circuit_emp|                 ; 11 (0)      ; 0            ; 0          ; 0    ; 0            ; 11 (0)       ; 0 (0)             ; 0 (0)            ; 0 (0)           ; 0 (0)      ; |main|empty:circuit_emp                                             ; empty               ; work         ;
;       |convert_occupations:circuito01| ; 4 (4)       ; 0            ; 0          ; 0    ; 0            ; 4 (4)        ; 0 (0)             ; 0 (0)            ; 0 (0)           ; 0 (0)      ; |main|empty:circuit_emp|convert_occupations:circuito01              ; convert_occupations ; work         ;
;       |convert_occupations:circuito02| ; 4 (4)       ; 0            ; 0          ; 0    ; 0            ; 4 (4)        ; 0 (0)             ; 0 (0)            ; 0 (0)           ; 0 (0)      ; |main|empty:circuit_emp|convert_occupations:circuito02              ; convert_occupations ; work         ;
;       |sum3bit:circuit02|              ; 3 (0)       ; 0            ; 0          ; 0    ; 0            ; 3 (0)        ; 0 (0)             ; 0 (0)            ; 0 (0)           ; 0 (0)      ; |main|empty:circuit_emp|sum3bit:circuit02                           ; sum3bit             ; work         ;
;          |sum_complete:circuito1|      ; 2 (2)       ; 0            ; 0          ; 0    ; 0            ; 2 (2)        ; 0 (0)             ; 0 (0)            ; 0 (0)           ; 0 (0)      ; |main|empty:circuit_emp|sum3bit:circuit02|sum_complete:circuito1    ; sum_complete        ; work         ;
;          |sum_complete:circuito2|      ; 1 (1)       ; 0            ; 0          ; 0    ; 0            ; 1 (1)        ; 0 (0)             ; 0 (0)            ; 0 (0)           ; 0 (0)      ; |main|empty:circuit_emp|sum3bit:circuit02|sum_complete:circuito2    ; sum_complete        ; work         ;
;    |mux:circuit_mx|                    ; 6 (6)       ; 0            ; 0          ; 0    ; 0            ; 6 (6)        ; 0 (0)             ; 0 (0)            ; 0 (0)           ; 0 (0)      ; |main|mux:circuit_mx                                                ; mux                 ; work         ;
;    |occupied:circuit_occ|              ; 5 (0)       ; 0            ; 0          ; 0    ; 0            ; 5 (0)        ; 0 (0)             ; 0 (0)            ; 0 (0)           ; 0 (0)      ; |main|occupied:circuit_occ                                          ; occupied            ; work         ;
;       |convert_occupations:circuito01| ; 1 (1)       ; 0            ; 0          ; 0    ; 0            ; 1 (1)        ; 0 (0)             ; 0 (0)            ; 0 (0)           ; 0 (0)      ; |main|occupied:circuit_occ|convert_occupations:circuito01           ; convert_occupations ; work         ;
;       |convert_occupations:circuito02| ; 1 (1)       ; 0            ; 0          ; 0    ; 0            ; 1 (1)        ; 0 (0)             ; 0 (0)            ; 0 (0)           ; 0 (0)      ; |main|occupied:circuit_occ|convert_occupations:circuito02           ; convert_occupations ; work         ;
;       |sum3bit:circuit02|              ; 3 (0)       ; 0            ; 0          ; 0    ; 0            ; 3 (0)        ; 0 (0)             ; 0 (0)            ; 0 (0)           ; 0 (0)      ; |main|occupied:circuit_occ|sum3bit:circuit02                        ; sum3bit             ; work         ;
;          |sum_complete:circuito1|      ; 2 (2)       ; 0            ; 0          ; 0    ; 0            ; 2 (2)        ; 0 (0)             ; 0 (0)            ; 0 (0)           ; 0 (0)      ; |main|occupied:circuit_occ|sum3bit:circuit02|sum_complete:circuito1 ; sum_complete        ; work         ;
;          |sum_complete:circuito2|      ; 1 (1)       ; 0            ; 0          ; 0    ; 0            ; 1 (1)        ; 0 (0)             ; 0 (0)            ; 0 (0)           ; 0 (0)      ; |main|occupied:circuit_occ|sum3bit:circuit02|sum_complete:circuito2 ; sum_complete        ; work         ;
;    |scheduler:circuit_ctrl|            ; 4 (4)       ; 0            ; 0          ; 0    ; 0            ; 4 (4)        ; 0 (0)             ; 0 (0)            ; 0 (0)           ; 0 (0)      ; |main|scheduler:circuit_ctrl                                        ; scheduler           ; work         ;
+----------------------------------------+-------------+--------------+------------+------+--------------+--------------+-------------------+------------------+-----------------+------------+---------------------------------------------------------------------+---------------------+--------------+
Note: For table entries with two numbers listed, the numbers in parentheses indicate the number of resources of the given type used by the specific entity alone. The numbers listed outside of parentheses indicate the total resources of the given type used by the specific entity and all of its sub-entities in the hierarchy.


+--------------------------------------------------------------------------------+
; Registers Removed During Synthesis                                             ;
+---------------------------------------+----------------------------------------+
; Register name                         ; Reason for Removal                     ;
+---------------------------------------+----------------------------------------+
; divisor:divisor_frequencia|Out[15]    ; Stuck at GND due to stuck port data_in ;
; Total Number of Removed Registers = 1 ;                                        ;
+---------------------------------------+----------------------------------------+


+------------------------------------------------------+
; General Register Statistics                          ;
+----------------------------------------------+-------+
; Statistic                                    ; Value ;
+----------------------------------------------+-------+
; Total registers                              ; 17    ;
; Number of registers using Synchronous Clear  ; 0     ;
; Number of registers using Synchronous Load   ; 0     ;
; Number of registers using Asynchronous Clear ; 0     ;
; Number of registers using Asynchronous Load  ; 0     ;
; Number of registers using Clock Enable       ; 0     ;
; Number of registers using Preset             ; 0     ;
+----------------------------------------------+-------+


+------------------------------------------------------------------------------------------------------------------------------------------+
; Multiplexer Restructuring Statistics (Restructuring Performed)                                                                           ;
+--------------------+-----------+---------------+----------------------+------------------------+------------+----------------------------+
; Multiplexer Inputs ; Bus Width ; Baseline Area ; Area if Restructured ; Saving if Restructured ; Registered ; Example Multiplexer Output ;
+--------------------+-----------+---------------+----------------------+------------------------+------------+----------------------------+
; 16:1               ; 3 bits    ; 30 LEs        ; 18 LEs               ; 12 LEs                 ; No         ; |main|mux:circuit_mx|Mux1  ;
+--------------------+-----------+---------------+----------------------+------------------------+------------+----------------------------+


+------------------------------------------------------------------------------------------------------------------------------------------------------------------------------------------------------------+
; Port Connectivity Checks: "empty:circuit_emp|sum3bit:circuit02"                                                                                                                                            ;
+------+-------+----------+----------------------------------------------------------------------------------------------------------------------------------------------------------------------------------+
; Port ; Type  ; Severity ; Details                                                                                                                                                                          ;
+------+-------+----------+----------------------------------------------------------------------------------------------------------------------------------------------------------------------------------+
; A    ; Input ; Warning  ; Input port expression (4 bits) is wider than the input port (3 bits) it drives.  The 1 most-significant bit(s) in the expression will be dangling if they have no other fanouts. ;
; B    ; Input ; Warning  ; Input port expression (4 bits) is wider than the input port (3 bits) it drives.  The 1 most-significant bit(s) in the expression will be dangling if they have no other fanouts. ;
+------+-------+----------+----------------------------------------------------------------------------------------------------------------------------------------------------------------------------------+


+--------------------------------------------------------------------------------------------------------------------------------------------------------------------------------------------------+
; Port Connectivity Checks: "empty:circuit_emp|convert_occupations:circuito02"                                                                                                                     ;
+------+--------+----------+-----------------------------------------------------------------------------------------------------------------------------------------------------------------------+
; Port ; Type   ; Severity ; Details                                                                                                                                                               ;
+------+--------+----------+-----------------------------------------------------------------------------------------------------------------------------------------------------------------------+
; Qtd  ; Output ; Warning  ; Output or bidir port (3 bits) is smaller than the port expression (4 bits) it drives.  The 1 most-significant bit(s) in the port expression will be connected to GND. ;
+------+--------+----------+-----------------------------------------------------------------------------------------------------------------------------------------------------------------------+


+--------------------------------------------------------------------------------------------------------------------------------------------------------------------------------------------------+
; Port Connectivity Checks: "empty:circuit_emp|convert_occupations:circuito01"                                                                                                                     ;
+------+--------+----------+-----------------------------------------------------------------------------------------------------------------------------------------------------------------------+
; Port ; Type   ; Severity ; Details                                                                                                                                                               ;
+------+--------+----------+-----------------------------------------------------------------------------------------------------------------------------------------------------------------------+
; Qtd  ; Output ; Warning  ; Output or bidir port (3 bits) is smaller than the port expression (4 bits) it drives.  The 1 most-significant bit(s) in the port expression will be connected to GND. ;
+------+--------+----------+-----------------------------------------------------------------------------------------------------------------------------------------------------------------------+


+------------------------------------------------------------------------------------------------------------------------------------------------------------------------------------------------------------+
; Port Connectivity Checks: "occupied:circuit_occ|sum3bit:circuit02"                                                                                                                                         ;
+------+-------+----------+----------------------------------------------------------------------------------------------------------------------------------------------------------------------------------+
; Port ; Type  ; Severity ; Details                                                                                                                                                                          ;
+------+-------+----------+----------------------------------------------------------------------------------------------------------------------------------------------------------------------------------+
; A    ; Input ; Warning  ; Input port expression (4 bits) is wider than the input port (3 bits) it drives.  The 1 most-significant bit(s) in the expression will be dangling if they have no other fanouts. ;
; B    ; Input ; Warning  ; Input port expression (4 bits) is wider than the input port (3 bits) it drives.  The 1 most-significant bit(s) in the expression will be dangling if they have no other fanouts. ;
+------+-------+----------+----------------------------------------------------------------------------------------------------------------------------------------------------------------------------------+


+--------------------------------------------------------------------------------------------------------------------------------------------------------------------------------------------------+
; Port Connectivity Checks: "occupied:circuit_occ|convert_occupations:circuito02"                                                                                                                  ;
+------+--------+----------+-----------------------------------------------------------------------------------------------------------------------------------------------------------------------+
; Port ; Type   ; Severity ; Details                                                                                                                                                               ;
+------+--------+----------+-----------------------------------------------------------------------------------------------------------------------------------------------------------------------+
; Qtd  ; Output ; Warning  ; Output or bidir port (3 bits) is smaller than the port expression (4 bits) it drives.  The 1 most-significant bit(s) in the port expression will be connected to GND. ;
+------+--------+----------+-----------------------------------------------------------------------------------------------------------------------------------------------------------------------+


+--------------------------------------------------------------------------------------------------------------------------------------------------------------------------------------------------+
; Port Connectivity Checks: "occupied:circuit_occ|convert_occupations:circuito01"                                                                                                                  ;
+------+--------+----------+-----------------------------------------------------------------------------------------------------------------------------------------------------------------------+
; Port ; Type   ; Severity ; Details                                                                                                                                                               ;
+------+--------+----------+-----------------------------------------------------------------------------------------------------------------------------------------------------------------------+
; Qtd  ; Output ; Warning  ; Output or bidir port (3 bits) is smaller than the port expression (4 bits) it drives.  The 1 most-significant bit(s) in the port expression will be connected to GND. ;
+------+--------+----------+-----------------------------------------------------------------------------------------------------------------------------------------------------------------------+


+-------------------------------+
; Analysis & Synthesis Messages ;
+-------------------------------+
Info: *******************************************************************
Info: Running Quartus Prime Analysis & Synthesis
    Info: Version 20.1.1 Build 720 11/11/2020 SJ Lite Edition
    Info: Processing started: Fri Oct 28 14:57:31 2022
Info: Command: quartus_map --read_settings_files=on --write_settings_files=off pbl2 -c pbl2
Warning (18236): Number of processors has not been specified which may cause overloading on shared machines.  Set the global assignment NUM_PARALLEL_PROCESSORS in your QSF to an appropriate value for best performance.
Info (20030): Parallel compilation is enabled and will use 6 of the 6 processors detected
Info (12021): Found 1 design units, including 1 entities, in source file power_digit.v
    Info (12023): Found entity 1: power_digit File: /home/aluno/Downloads/problema_02 (1)/problema_02/power_digit.v Line: 9
Info (12021): Found 1 design units, including 1 entities, in source file convert_occupations.v
    Info (12023): Found entity 1: convert_occupations File: /home/aluno/Downloads/problema_02 (1)/problema_02/convert_occupations.v Line: 4
Info (12021): Found 1 design units, including 1 entities, in source file occupied.v
    Info (12023): Found entity 1: occupied File: /home/aluno/Downloads/problema_02 (1)/problema_02/occupied.v Line: 4
Info (12021): Found 1 design units, including 1 entities, in source file empty.v
    Info (12023): Found entity 1: empty File: /home/aluno/Downloads/problema_02 (1)/problema_02/empty.v Line: 4
Warning (12090): Entity "mux" obtained from "mux.v" instead of from Quartus Prime megafunction library File: /home/aluno/Downloads/problema_02 (1)/problema_02/mux.v Line: 1
Info (12021): Found 1 design units, including 1 entities, in source file mux.v
    Info (12023): Found entity 1: mux File: /home/aluno/Downloads/problema_02 (1)/problema_02/mux.v Line: 1
Info (12021): Found 1 design units, including 1 entities, in source file control_matriz.v
    Info (12023): Found entity 1: control_matriz File: /home/aluno/Downloads/problema_02 (1)/problema_02/control_matriz.v Line: 26
Info (12021): Found 1 design units, including 1 entities, in source file decodificador.v
    Info (12023): Found entity 1: decodificador File: /home/aluno/Downloads/problema_02 (1)/problema_02/decodificador.v Line: 1
Info (12021): Found 1 design units, including 1 entities, in source file main.v
    Info (12023): Found entity 1: main File: /home/aluno/Downloads/problema_02 (1)/problema_02/main.v Line: 2
Info (12021): Found 1 design units, including 1 entities, in source file sum_half.v
    Info (12023): Found entity 1: sum_half File: /home/aluno/Downloads/problema_02 (1)/problema_02/sum_half.v Line: 6
Info (12021): Found 1 design units, including 1 entities, in source file sum_complete.v
    Info (12023): Found entity 1: sum_complete File: /home/aluno/Downloads/problema_02 (1)/problema_02/sum_complete.v Line: 4
Info (12021): Found 1 design units, including 1 entities, in source file sum3bit.v
    Info (12023): Found entity 1: sum3bit File: /home/aluno/Downloads/problema_02 (1)/problema_02/sum3bit.v Line: 3
Info (12021): Found 1 design units, including 1 entities, in source file divisor.v
    Info (12023): Found entity 1: divisor File: /home/aluno/Downloads/problema_02 (1)/problema_02/divisor.v Line: 1
Info (12021): Found 1 design units, including 1 entities, in source file scheduler.v
    Info (12023): Found entity 1: scheduler File: /home/aluno/Downloads/problema_02 (1)/problema_02/scheduler.v Line: 6
Info (12127): Elaborating entity "main" for the top level hierarchy
Info (12128): Elaborating entity "divisor" for hierarchy "divisor:divisor_frequencia" File: /home/aluno/Downloads/problema_02 (1)/problema_02/main.v Line: 14
Info (12128): Elaborating entity "scheduler" for hierarchy "scheduler:circuit_ctrl" File: /home/aluno/Downloads/problema_02 (1)/problema_02/main.v Line: 15
Info (12128): Elaborating entity "occupied" for hierarchy "occupied:circuit_occ" File: /home/aluno/Downloads/problema_02 (1)/problema_02/main.v Line: 18
Info (12128): Elaborating entity "convert_occupations" for hierarchy "occupied:circuit_occ|convert_occupations:circuito01" File: /home/aluno/Downloads/problema_02 (1)/problema_02/occupied.v Line: 10
Info (12128): Elaborating entity "sum3bit" for hierarchy "occupied:circuit_occ|sum3bit:circuit02" File: /home/aluno/Downloads/problema_02 (1)/problema_02/occupied.v Line: 13
Info (12128): Elaborating entity "sum_half" for hierarchy "occupied:circuit_occ|sum3bit:circuit02|sum_half:circuito0" File: /home/aluno/Downloads/problema_02 (1)/problema_02/sum3bit.v Line: 10
Info (12128): Elaborating entity "sum_complete" for hierarchy "occupied:circuit_occ|sum3bit:circuit02|sum_complete:circuito1" File: /home/aluno/Downloads/problema_02 (1)/problema_02/sum3bit.v Line: 11
Info (12128): Elaborating entity "empty" for hierarchy "empty:circuit_emp" File: /home/aluno/Downloads/problema_02 (1)/problema_02/main.v Line: 19
Info (12128): Elaborating entity "mux" for hierarchy "mux:circuit_mx" File: /home/aluno/Downloads/problema_02 (1)/problema_02/main.v Line: 22
Info (10264): Verilog HDL Case Statement information at mux.v(13): all case item expressions in this case statement are onehot File: /home/aluno/Downloads/problema_02 (1)/problema_02/mux.v Line: 13
Info (12128): Elaborating entity "decodificador" for hierarchy "decodificador:circuit_dec" File: /home/aluno/Downloads/problema_02 (1)/problema_02/main.v Line: 23
Info (12128): Elaborating entity "power_digit" for hierarchy "power_digit:circuit_on_disp" File: /home/aluno/Downloads/problema_02 (1)/problema_02/main.v Line: 26
Info (12128): Elaborating entity "control_matriz" for hierarchy "control_matriz:circuit_matriz" File: /home/aluno/Downloads/problema_02 (1)/problema_02/main.v Line: 29
Warning (12011): Net is missing source, defaulting to GND
    Warning (12110): Net "empty:circuit_emp|occ1[3]" is missing source, defaulting to GND File: /home/aluno/Downloads/problema_02 (1)/problema_02/empty.v Line: 8
    Warning (12110): Net "empty:circuit_emp|occ2[3]" is missing source, defaulting to GND File: /home/aluno/Downloads/problema_02 (1)/problema_02/empty.v Line: 8
Warning (12011): Net is missing source, defaulting to GND
    Warning (12110): Net "occupied:circuit_occ|occ1[3]" is missing source, defaulting to GND File: /home/aluno/Downloads/problema_02 (1)/problema_02/occupied.v Line: 8
    Warning (12110): Net "occupied:circuit_occ|occ2[3]" is missing source, defaulting to GND File: /home/aluno/Downloads/problema_02 (1)/problema_02/occupied.v Line: 8
Warning (12241): 6 hierarchies have connectivity warnings - see the Connectivity Checks report folder
Warning (13024): Output pins are stuck at VCC or GND
    Warning (13410): Pin "P" is stuck at VCC File: /home/aluno/Downloads/problema_02 (1)/problema_02/main.v Line: 5
    Warning (13410): Pin "Rows[4]" is stuck at VCC File: /home/aluno/Downloads/problema_02 (1)/problema_02/main.v Line: 7
    Warning (13410): Pin "Rows[5]" is stuck at VCC File: /home/aluno/Downloads/problema_02 (1)/problema_02/main.v Line: 7
    Warning (13410): Pin "Rows[6]" is stuck at VCC File: /home/aluno/Downloads/problema_02 (1)/problema_02/main.v Line: 7
Info (21057): Implemented 100 device resources after synthesis - the final resource count might be different
    Info (21058): Implemented 9 input pins
    Info (21059): Implemented 21 output pins
    Info (21061): Implemented 70 logic cells
Info: Quartus Prime Analysis & Synthesis was successful. 0 errors, 14 warnings
    Info: Peak virtual memory: 341 megabytes
    Info: Processing ended: Fri Oct 28 14:57:37 2022
    Info: Elapsed time: 00:00:06
    Info: Total CPU time (on all processors): 00:00:12


